// Jest Snapshot v1, https://goo.gl/fbAQLP

exports[`Header renders correctly 1`] = `
<header>
  <span>
    <a
      href="/"
    >
      Basic Gatsby Site
    </a>
  </span>
</header>
`;
