// Jest Snapshot v1, https://goo.gl/fbAQLP

exports[`Layout renders correctly 1`] = `
<div
  className="layout"
>
  <header>
    <span>
      <a
        href="/"
      >
        Basic Gatsby Site
      </a>
    </span>
  </header>
  <main>
    <p>
      Content
    </p>
  </main>
  <footer>
    Â© 
    liamhawks
     
    2020
  </footer>
</div>
`;
